--------------------------------------------------------------------------------------
Timing Analyzer Summary
--------------------------------------------------------------------------------------

Type           : Worst-case tco
Slack          : N/A
Required Time  : None
Actual Time    : 17.972 ns
From           : count6:inst2|count[0]
To             : led7s[2]
From Clock     : clk1kHz
To Clock       : --
Failed Paths   : 0

Type           : Worst-case tpd
Slack          : N/A
Required Time  : None
Actual Time    : 15.051 ns
From           : no4[1]
To             : led7s[2]
From Clock     : --
To Clock       : --
Failed Paths   : 0

Type           : Clock Setup: 'clk1kHz'
Slack          : N/A
Required Time  : None
Actual Time    : Restricted to 304.04 MHz ( period = 3.289 ns )
From           : count6:inst2|count[1]
To             : count6:inst2|count[2]
From Clock     : clk1kHz
To Clock       : clk1kHz
Failed Paths   : 0

Type           : Total number of failed paths
Slack          : 
Required Time  : 
Actual Time    : 
From           : 
To             : 
From Clock     : 
To Clock       : 
Failed Paths   : 0

--------------------------------------------------------------------------------------

